0 verbose cli C:\Program Files\nodejs\node.exe C:\Program Files\nodejs\node_modules\npm\bin\npm-cli.js
1 info using npm@11.12.1
2 info using node@v24.15.0
3 silly config load:file:C:\Program Files\nodejs\node_modules\npm\npmrc
4 silly config load:file:C:\echo\.npmrc
5 silly config load:file:C:\Users\mihir\.npmrc
6 silly config load:file:C:\Users\mihir\AppData\Roaming\npm\etc\npmrc
7 verbose title npm install
8 verbose argv "install" "--cache" ".npm-cache"
9 verbose logfile logs-max:10 dir:C:\echo\.npm-cache\_logs\2026-05-15T13_26_01_034Z-
10 verbose logfile C:\echo\.npm-cache\_logs\2026-05-15T13_26_01_034Z-debug-0.log
11 silly logfile done cleaning log files
12 silly packumentCache heap:2348810240 maxSize:587202560 maxEntrySize:293601280
13 silly idealTree buildDeps
14 silly fetch manifest @vitejs/plugin-react@^5.1.1
15 silly packumentCache full:https://registry.npmjs.org/@vitejs%2fplugin-react cache-miss
16 http fetch GET https://registry.npmjs.org/@vitejs%2fplugin-react attempt 1 failed with EACCES
17 http fetch GET https://registry.npmjs.org/npm attempt 1 failed with EACCES
18 http fetch GET https://registry.npmjs.org/@vitejs%2fplugin-react attempt 2 failed with EACCES
19 http fetch GET https://registry.npmjs.org/npm attempt 2 failed with EACCES
20 http fetch GET https://registry.npmjs.org/@vitejs%2fplugin-react attempt 3 failed with EACCES
21 silly fetch manifest framer-motion@^12.23.26
22 silly packumentCache full:https://registry.npmjs.org/framer-motion cache-miss
23 http fetch GET https://registry.npmjs.org/npm attempt 3 failed with EACCES
24 http fetch GET https://registry.npmjs.org/framer-motion attempt 1 failed with EACCES
25 http fetch GET https://registry.npmjs.org/framer-motion attempt 2 failed with EACCES
26 http fetch GET https://registry.npmjs.org/framer-motion attempt 3 failed with EACCES
27 silly fetch manifest lucide-react@^0.562.0
28 silly packumentCache full:https://registry.npmjs.org/lucide-react cache-miss
29 http fetch GET https://registry.npmjs.org/lucide-react attempt 1 failed with EACCES
30 http fetch GET https://registry.npmjs.org/lucide-react attempt 2 failed with EACCES
31 http fetch GET https://registry.npmjs.org/lucide-react attempt 3 failed with EACCES
32 silly fetch manifest vite@^7.3.0
33 silly packumentCache full:https://registry.npmjs.org/vite cache-miss
34 http fetch GET https://registry.npmjs.org/vite attempt 1 failed with EACCES
35 http fetch GET https://registry.npmjs.org/vite attempt 2 failed with EACCES
36 http fetch GET https://registry.npmjs.org/vite attempt 3 failed with ENOTFOUND
37 silly fetch manifest react@^19.2.1
38 silly packumentCache full:https://registry.npmjs.org/react cache-miss
39 http fetch GET https://registry.npmjs.org/react attempt 1 failed with ENOTFOUND
40 http fetch GET https://registry.npmjs.org/react attempt 2 failed with ENOENT
